components/home/HomeAIInterface.tsx(1,36): error TS2307: Cannot find module '@/components/home/RecommendationCard' or its corresponding type declarations.
components/home/HomeAIInterface.tsx(2,28): error TS2307: Cannot find module '@/components/ui/icon-symbol' or its corresponding type declarations.
components/home/HomeAIInterface.tsx(3,30): error TS2307: Cannot find module '@/constants/giftyy-theme' or its corresponding type declarations.
components/home/HomeAIInterface.tsx(4,25): error TS2307: Cannot find module '@/contexts/AuthContext' or its corresponding type declarations.
components/home/HomeAIInterface.tsx(5,31): error TS2307: Cannot find module '@/contexts/RecipientsContext' or its corresponding type declarations.
components/home/HomeAIInterface.tsx(17,8): error TS2307: Cannot find module '@/lib/api/ai-sessions' or its corresponding type declarations.
components/home/HomeAIInterface.tsx(18,34): error TS2307: Cannot find module '@/lib/hooks/useHome' or its corresponding type declarations.
components/home/HomeAIInterface.tsx(20,8): error TS1259: Module '"C:/Users/raf97/Downloads/GIFTYY/giftyy/node_modules/@types/react/index"' can only be default-imported using the 'esModuleInterop' flag
components/home/HomeAIInterface.tsx(204,40): error TS2345: Argument of type '() => { opacity: number; transform: ({ scale: number; translateY?: undefined; } | { translateY: number; scale?: undefined; })[]; }' is not assignable to parameter of type '() => DefaultStyle'.
  Type '{ opacity: number; transform: ({ scale: number; translateY?: undefined; } | { translateY: number; scale?: undefined; })[]; }' is not assignable to type 'DefaultStyle'.
    Type '{ opacity: number; transform: ({ scale: number; translateY?: undefined; } | { translateY: number; scale?: undefined; })[]; }' is not assignable to type 'TextStyle'.
      Types of property 'transform' are incompatible.
        Type '({ scale: number; translateY?: undefined; } | { translateY: number; scale?: undefined; })[]' is not assignable to type 'string | readonly (({ perspective: AnimatableNumericValue; } & { rotate?: never; scale?: never; rotateX?: never; rotateY?: never; rotateZ?: never; scaleX?: never; scaleY?: never; ... 4 more ...; matrix?: never; }) | ... 11 more ... | ({ ...; } & { ...; }))[]'.
          Type '({ scale: number; translateY?: undefined; } | { translateY: number; scale?: undefined; })[]' is not assignable to type 'readonly (({ perspective: AnimatableNumericValue; } & { rotate?: never; scale?: never; rotateX?: never; rotateY?: never; rotateZ?: never; scaleX?: never; scaleY?: never; translateX?: never; translateY?: never; skewX?: never; skewY?: never; matrix?: never; }) | ... 11 more ... | ({ ...; } & { ...; }))[]'.
            Type '{ scale: number; translateY?: undefined; } | { translateY: number; scale?: undefined; }' is not assignable to type '({ perspective: AnimatableNumericValue; } & { rotate?: never; scale?: never; rotateX?: never; rotateY?: never; rotateZ?: never; scaleX?: never; scaleY?: never; translateX?: never; translateY?: never; skewX?: never; skewY?: never; matrix?: never; }) | ... 11 more ... | ({ ...; } & { ...; })'.
              Type '{ scale: number; translateY?: undefined; }' is not assignable to type '({ perspective: AnimatableNumericValue; } & { rotate?: never; scale?: never; rotateX?: never; rotateY?: never; rotateZ?: never; scaleX?: never; scaleY?: never; translateX?: never; translateY?: never; skewX?: never; skewY?: never; matrix?: never; }) | ... 11 more ... | ({ ...; } & { ...; })'.
                Type '{ scale: number; translateY?: undefined; }' is not assignable to type '{ matrix: AnimatableNumericValue[]; } & { perspective?: never; rotate?: never; scale?: never; rotateX?: never; rotateY?: never; rotateZ?: never; scaleX?: never; scaleY?: never; translateX?: never; translateY?: never; skewX?: never; skewY?: never; }'.
                  Property 'matrix' is missing in type '{ scale: number; translateY?: undefined; }' but required in type '{ matrix: AnimatableNumericValue[]; }'.
components/home/HomeAIInterface.tsx(375,13): error TS17004: Cannot use JSX unless the '--jsx' flag is provided.
components/home/HomeAIInterface.tsx(376,17): error TS17004: Cannot use JSX unless the '--jsx' flag is provided.
components/home/HomeAIInterface.tsx(377,17): error TS17004: Cannot use JSX unless the '--jsx' flag is provided.
components/home/HomeAIInterface.tsx(378,17): error TS17004: Cannot use JSX unless the '--jsx' flag is provided.
components/home/HomeAIInterface.tsx(612,13): error TS17004: Cannot use JSX unless the '--jsx' flag is provided.
components/home/HomeAIInterface.tsx(613,17): error TS2769: No overload matches this call.
  Overload 1 of 2, '(props: TextProps): Text', gave the following error.
    Type '{ key: number; style: ({ flex: number; minHeight: number; maxHeight: number; color: any; fontFamily: string; fontSize: number; } | { color: any; fontWeight: "700"; fontStyle: "italic"; })[]; }' is not assignable to type 'TextProps'.
      Property 'key' does not exist on type 'TextProps'.
  Overload 2 of 2, '(props: TextProps, context: any): Text', gave the following error.
    Type '{ key: number; style: ({ flex: number; minHeight: number; maxHeight: number; color: any; fontFamily: string; fontSize: number; } | { color: any; fontWeight: "700"; fontStyle: "italic"; })[]; }' is not assignable to type 'TextProps'.
      Property 'key' does not exist on type 'TextProps'.
components/home/HomeAIInterface.tsx(941,9): error TS17004: Cannot use JSX unless the '--jsx' flag is provided.
components/home/HomeAIInterface.tsx(942,13): error TS17004: Cannot use JSX unless the '--jsx' flag is provided.
components/home/HomeAIInterface.tsx(944,17): error TS17004: Cannot use JSX unless the '--jsx' flag is provided.
components/home/HomeAIInterface.tsx(945,21): error TS17004: Cannot use JSX unless the '--jsx' flag is provided.
components/home/HomeAIInterface.tsx(946,25): error TS17004: Cannot use JSX unless the '--jsx' flag is provided.
components/home/HomeAIInterface.tsx(947,29): error TS17004: Cannot use JSX unless the '--jsx' flag is provided.
components/home/HomeAIInterface.tsx(948,38): error TS17004: Cannot use JSX unless the '--jsx' flag is provided.
components/home/HomeAIInterface.tsx(950,29): error TS17004: Cannot use JSX unless the '--jsx' flag is provided.
components/home/HomeAIInterface.tsx(954,25): error TS17004: Cannot use JSX unless the '--jsx' flag is provided.
components/home/HomeAIInterface.tsx(956,33): error TS17004: Cannot use JSX unless the '--jsx' flag is provided.
components/home/HomeAIInterface.tsx(957,37): error TS17004: Cannot use JSX unless the '--jsx' flag is provided.
components/home/HomeAIInterface.tsx(961,33): error TS17004: Cannot use JSX unless the '--jsx' flag is provided.
components/home/HomeAIInterface.tsx(962,37): error TS17004: Cannot use JSX unless the '--jsx' flag is provided.
components/home/HomeAIInterface.tsx(969,21): error TS17004: Cannot use JSX unless the '--jsx' flag is provided.
components/home/HomeAIInterface.tsx(970,25): error TS2769: No overload matches this call.
  Overload 1 of 2, '(props: ScrollViewProps): ScrollView', gave the following error.
    Type '{ ref: RefObject<ScrollView>; style: { flex: number; }; contentContainerStyle: { paddingTop: number; paddingBottom: number; paddingHorizontal: number; }; showsVerticalScrollIndicator: false; onContentSizeChange: () => void; onLayout: () => void; keyboardShouldPersistTaps: "handled"; }' is not assignable to type 'ScrollViewProps'.
      Property 'ref' does not exist on type 'ScrollViewProps'.
  Overload 2 of 2, '(props: ScrollViewProps, context: any): ScrollView', gave the following error.
    Type '{ ref: RefObject<ScrollView>; style: { flex: number; }; contentContainerStyle: { paddingTop: number; paddingBottom: number; paddingHorizontal: number; }; showsVerticalScrollIndicator: false; onContentSizeChange: () => void; onLayout: () => void; keyboardShouldPersistTaps: "handled"; }' is not assignable to type 'ScrollViewProps'.
      Property 'ref' does not exist on type 'ScrollViewProps'.
components/home/HomeAIInterface.tsx(979,29): error TS17004: Cannot use JSX unless the '--jsx' flag is provided.
components/home/HomeAIInterface.tsx(981,37): error TS17004: Cannot use JSX unless the '--jsx' flag is provided.
components/home/HomeAIInterface.tsx(983,37): error TS17004: Cannot use JSX unless the '--jsx' flag is provided.
components/home/HomeAIInterface.tsx(984,41): error TS17004: Cannot use JSX unless the '--jsx' flag is provided.
components/home/HomeAIInterface.tsx(985,45): error TS17004: Cannot use JSX unless the '--jsx' flag is provided.
components/home/HomeAIInterface.tsx(987,41): error TS17004: Cannot use JSX unless the '--jsx' flag is provided.
components/home/HomeAIInterface.tsx(988,41): error TS17004: Cannot use JSX unless the '--jsx' flag is provided.
components/home/HomeAIInterface.tsx(989,41): error TS17004: Cannot use JSX unless the '--jsx' flag is provided.
components/home/HomeAIInterface.tsx(990,45): error TS17004: Cannot use JSX unless the '--jsx' flag is provided.
components/home/HomeAIInterface.tsx(994,37): error TS17004: Cannot use JSX unless the '--jsx' flag is provided.
components/home/HomeAIInterface.tsx(995,41): error TS17004: Cannot use JSX unless the '--jsx' flag is provided.
components/home/HomeAIInterface.tsx(996,45): error TS17004: Cannot use JSX unless the '--jsx' flag is provided.
components/home/HomeAIInterface.tsx(997,45): error TS17004: Cannot use JSX unless the '--jsx' flag is provided.
components/home/HomeAIInterface.tsx(998,49): error TS17004: Cannot use JSX unless the '--jsx' flag is provided.
components/home/HomeAIInterface.tsx(999,49): error TS17004: Cannot use JSX unless the '--jsx' flag is provided.
components/home/HomeAIInterface.tsx(1003,41): error TS17004: Cannot use JSX unless the '--jsx' flag is provided.
components/home/HomeAIInterface.tsx(1004,45): error TS17004: Cannot use JSX unless the '--jsx' flag is provided.
components/home/HomeAIInterface.tsx(1005,45): error TS17004: Cannot use JSX unless the '--jsx' flag is provided.
components/home/HomeAIInterface.tsx(1013,49): error TS17004: Cannot use JSX unless the '--jsx' flag is provided.
components/home/HomeAIInterface.tsx(1014,53): error TS17004: Cannot use JSX unless the '--jsx' flag is provided.
components/home/HomeAIInterface.tsx(1019,41): error TS17004: Cannot use JSX unless the '--jsx' flag is provided.
components/home/HomeAIInterface.tsx(1021,49): error TS17004: Cannot use JSX unless the '--jsx' flag is provided.
components/home/HomeAIInterface.tsx(1022,53): error TS17004: Cannot use JSX unless the '--jsx' flag is provided.
components/home/HomeAIInterface.tsx(1025,49): error TS17004: Cannot use JSX unless the '--jsx' flag is provided.
components/home/HomeAIInterface.tsx(1025,55): error TS2769: No overload matches this call.
  Overload 1 of 2, '(props: ViewProps): View', gave the following error.
    Type '{ key: string; style: { marginBottom: number; }; }' is not assignable to type 'ViewProps'.
      Property 'key' does not exist on type 'ViewProps'.
  Overload 2 of 2, '(props: ViewProps, context: any): View', gave the following error.
    Type '{ key: string; style: { marginBottom: number; }; }' is not assignable to type 'ViewProps'.
      Property 'key' does not exist on type 'ViewProps'.
components/home/HomeAIInterface.tsx(1026,53): error TS17004: Cannot use JSX unless the '--jsx' flag is provided.
components/home/HomeAIInterface.tsx(1028,57): error TS17004: Cannot use JSX unless the '--jsx' flag is provided.
components/home/HomeAIInterface.tsx(1028,63): error TS2769: No overload matches this call.
  Overload 1 of 2, '(props: ViewProps): View', gave the following error.
    Type '{ key: any; style: any; }' is not assignable to type 'ViewProps'.
      Property 'key' does not exist on type 'ViewProps'.
  Overload 2 of 2, '(props: ViewProps, context: any): View', gave the following error.
    Type '{ key: any; style: any; }' is not assignable to type 'ViewProps'.
      Property 'key' does not exist on type 'ViewProps'.
components/home/HomeAIInterface.tsx(1029,61): error TS17004: Cannot use JSX unless the '--jsx' flag is provided.
components/home/HomeAIInterface.tsx(1035,65): error TS17004: Cannot use JSX unless the '--jsx' flag is provided.
components/home/HomeAIInterface.tsx(1036,69): error TS17004: Cannot use JSX unless the '--jsx' flag is provided.
components/home/HomeAIInterface.tsx(1038,65): error TS17004: Cannot use JSX unless the '--jsx' flag is provided.
components/home/HomeAIInterface.tsx(1039,69): error TS17004: Cannot use JSX unless the '--jsx' flag is provided.
components/home/HomeAIInterface.tsx(1042,69): error TS17004: Cannot use JSX unless the '--jsx' flag is provided.
components/home/HomeAIInterface.tsx(1043,73): error TS17004: Cannot use JSX unless the '--jsx' flag is provided.
components/home/HomeAIInterface.tsx(1044,73): error TS17004: Cannot use JSX unless the '--jsx' flag is provided.
components/home/HomeAIInterface.tsx(1053,61): error TS17004: Cannot use JSX unless the '--jsx' flag is provided.
components/home/HomeAIInterface.tsx(1058,65): error TS17004: Cannot use JSX unless the '--jsx' flag is provided.
components/home/HomeAIInterface.tsx(1069,29): error TS17004: Cannot use JSX unless the '--jsx' flag is provided.
components/home/HomeAIInterface.tsx(1071,37): error TS17004: Cannot use JSX unless the '--jsx' flag is provided.
components/home/HomeAIInterface.tsx(1071,43): error TS2769: No overload matches this call.
  Overload 1 of 2, '(props: ViewProps): View', gave the following error.
    Type '{ key: string; style: ({ marginBottom: number; maxWidth: "82%"; flexShrink: number; } | { alignSelf: "flex-start"; } | { alignSelf: "flex-end"; })[]; }' is not assignable to type 'ViewProps'.
      Property 'key' does not exist on type 'ViewProps'.
  Overload 2 of 2, '(props: ViewProps, context: any): View', gave the following error.
    Type '{ key: string; style: ({ marginBottom: number; maxWidth: "82%"; flexShrink: number; } | { alignSelf: "flex-start"; } | { alignSelf: "flex-end"; })[]; }' is not assignable to type 'ViewProps'.
      Property 'key' does not exist on type 'ViewProps'.
components/home/HomeAIInterface.tsx(1075,41): error TS17004: Cannot use JSX unless the '--jsx' flag is provided.
components/home/HomeAIInterface.tsx(1077,49): error TS17004: Cannot use JSX unless the '--jsx' flag is provided.
components/home/HomeAIInterface.tsx(1078,53): error TS17004: Cannot use JSX unless the '--jsx' flag is provided.
components/home/HomeAIInterface.tsx(1085,45): error TS17004: Cannot use JSX unless the '--jsx' flag is provided.
components/home/HomeAIInterface.tsx(1086,73): error TS17004: Cannot use JSX unless the '--jsx' flag is provided.
components/home/HomeAIInterface.tsx(1087,49): error TS17004: Cannot use JSX unless the '--jsx' flag is provided.
components/home/HomeAIInterface.tsx(1091,53): error TS17004: Cannot use JSX unless the '--jsx' flag is provided.
components/home/HomeAIInterface.tsx(1109,45): error TS17004: Cannot use JSX unless the '--jsx' flag is provided.
components/home/HomeAIInterface.tsx(1110,49): error TS17004: Cannot use JSX unless the '--jsx' flag is provided.
components/home/HomeAIInterface.tsx(1111,53): error TS17004: Cannot use JSX unless the '--jsx' flag is provided.
components/home/HomeAIInterface.tsx(1112,53): error TS17004: Cannot use JSX unless the '--jsx' flag is provided.
components/home/HomeAIInterface.tsx(1115,49): error TS17004: Cannot use JSX unless the '--jsx' flag is provided.
components/home/HomeAIInterface.tsx(1129,65): error TS17004: Cannot use JSX unless the '--jsx' flag is provided.
components/home/HomeAIInterface.tsx(1139,68): error TS17004: Cannot use JSX unless the '--jsx' flag is provided.
components/home/HomeAIInterface.tsx(1139,74): error TS2769: No overload matches this call.
  Overload 1 of 2, '(props: TextProps): Text', gave the following error.
    Type '{ key: number; style: { color: string; }; }' is not assignable to type 'TextProps'.
      Property 'key' does not exist on type 'TextProps'.
  Overload 2 of 2, '(props: TextProps, context: any): Text', gave the following error.
    Type '{ key: number; style: { color: string; }; }' is not assignable to type 'TextProps'.
      Property 'key' does not exist on type 'TextProps'.
components/home/HomeAIInterface.tsx(1145,53): error TS17004: Cannot use JSX unless the '--jsx' flag is provided.
components/home/HomeAIInterface.tsx(1146,57): error TS17004: Cannot use JSX unless the '--jsx' flag is provided.
components/home/HomeAIInterface.tsx(1148,65): error TS17004: Cannot use JSX unless the '--jsx' flag is provided.
components/home/HomeAIInterface.tsx(1152,61): error TS17004: Cannot use JSX unless the '--jsx' flag is provided.
components/home/HomeAIInterface.tsx(1156,65): error TS17004: Cannot use JSX unless the '--jsx' flag is provided.
components/home/HomeAIInterface.tsx(1157,69): error TS17004: Cannot use JSX unless the '--jsx' flag is provided.
components/home/HomeAIInterface.tsx(1158,69): error TS17004: Cannot use JSX unless the '--jsx' flag is provided.
components/home/HomeAIInterface.tsx(1170,45): error TS17004: Cannot use JSX unless the '--jsx' flag is provided.
components/home/HomeAIInterface.tsx(1172,53): error TS17004: Cannot use JSX unless the '--jsx' flag is provided.
components/home/HomeAIInterface.tsx(1187,57): error TS17004: Cannot use JSX unless the '--jsx' flag is provided.
components/home/HomeAIInterface.tsx(1194,45): error TS17004: Cannot use JSX unless the '--jsx' flag is provided.
components/home/HomeAIInterface.tsx(1196,53): error TS17004: Cannot use JSX unless the '--jsx' flag is provided.
components/home/HomeAIInterface.tsx(1208,57): error TS17004: Cannot use JSX unless the '--jsx' flag is provided.
components/home/HomeAIInterface.tsx(1217,37): error TS17004: Cannot use JSX unless the '--jsx' flag is provided.
components/home/HomeAIInterface.tsx(1218,41): error TS17004: Cannot use JSX unless the '--jsx' flag is provided.
components/home/HomeAIInterface.tsx(1219,45): error TS17004: Cannot use JSX unless the '--jsx' flag is provided.
components/home/HomeAIInterface.tsx(1220,45): error TS17004: Cannot use JSX unless the '--jsx' flag is provided.
components/home/HomeAIInterface.tsx(1221,49): error TS17004: Cannot use JSX unless the '--jsx' flag is provided.
components/home/HomeAIInterface.tsx(1225,41): error TS17004: Cannot use JSX unless the '--jsx' flag is provided.
components/home/HomeAIInterface.tsx(1227,49): error TS17004: Cannot use JSX unless the '--jsx' flag is provided.
components/home/HomeAIInterface.tsx(1232,53): error TS17004: Cannot use JSX unless the '--jsx' flag is provided.
components/home/HomeAIInterface.tsx(1233,53): error TS17004: Cannot use JSX unless the '--jsx' flag is provided.
components/home/HomeAIInterface.tsx(1239,49): error TS17004: Cannot use JSX unless the '--jsx' flag is provided.
components/home/HomeAIInterface.tsx(1248,29): error TS17004: Cannot use JSX unless the '--jsx' flag is provided.
components/home/HomeAIInterface.tsx(1249,33): error TS17004: Cannot use JSX unless the '--jsx' flag is provided.
components/home/HomeAIInterface.tsx(1250,37): error TS17004: Cannot use JSX unless the '--jsx' flag is provided.
components/home/HomeAIInterface.tsx(1251,41): error TS17004: Cannot use JSX unless the '--jsx' flag is provided.
components/home/HomeAIInterface.tsx(1257,37): error TS17004: Cannot use JSX unless the '--jsx' flag is provided.
components/home/HomeAIInterface.tsx(1258,41): error TS17004: Cannot use JSX unless the '--jsx' flag is provided.
components/home/HomeAIInterface.tsx(1259,41): error TS17004: Cannot use JSX unless the '--jsx' flag is provided.
components/home/HomeAIInterface.tsx(1260,45): error TS17004: Cannot use JSX unless the '--jsx' flag is provided.
components/home/HomeAIInterface.tsx(1270,21): error TS17004: Cannot use JSX unless the '--jsx' flag is provided.
components/home/HomeAIInterface.tsx(1274,25): error TS17004: Cannot use JSX unless the '--jsx' flag is provided.
components/home/HomeAIInterface.tsx(1281,33): error TS17004: Cannot use JSX unless the '--jsx' flag is provided.
components/home/HomeAIInterface.tsx(1292,37): error TS17004: Cannot use JSX unless the '--jsx' flag is provided.
components/home/HomeAIInterface.tsx(1301,21): error TS17004: Cannot use JSX unless the '--jsx' flag is provided.
components/home/HomeAIInterface.tsx(1302,25): error TS17004: Cannot use JSX unless the '--jsx' flag is provided.
components/home/HomeAIInterface.tsx(1304,33): error TS17004: Cannot use JSX unless the '--jsx' flag is provided.
components/home/HomeAIInterface.tsx(1313,37): error TS17004: Cannot use JSX unless the '--jsx' flag is provided.
components/home/HomeAIInterface.tsx(1314,41): error TS17004: Cannot use JSX unless the '--jsx' flag is provided.
components/home/HomeAIInterface.tsx(1318,37): error TS17004: Cannot use JSX unless the '--jsx' flag is provided.
components/home/HomeAIInterface.tsx(1319,41): error TS17004: Cannot use JSX unless the '--jsx' flag is provided.
components/home/HomeAIInterface.tsx(1320,60): error TS17004: Cannot use JSX unless the '--jsx' flag is provided.
components/home/HomeAIInterface.tsx(1330,21): error TS17004: Cannot use JSX unless the '--jsx' flag is provided.
components/home/HomeAIInterface.tsx(1337,21): error TS17004: Cannot use JSX unless the '--jsx' flag is provided.
components/home/HomeAIInterface.tsx(1338,25): error TS17004: Cannot use JSX unless the '--jsx' flag is provided.
components/home/HomeAIInterface.tsx(1339,29): error TS17004: Cannot use JSX unless the '--jsx' flag is provided.
components/home/HomeAIInterface.tsx(1340,29): error TS17004: Cannot use JSX unless the '--jsx' flag is provided.
components/home/HomeAIInterface.tsx(1342,25): error TS17004: Cannot use JSX unless the '--jsx' flag is provided.
components/home/HomeAIInterface.tsx(1343,29): error TS17004: Cannot use JSX unless the '--jsx' flag is provided.
components/home/HomeAIInterface.tsx(1344,29): error TS17004: Cannot use JSX unless the '--jsx' flag is provided.
components/home/HomeAIInterface.tsx(1346,25): error TS17004: Cannot use JSX unless the '--jsx' flag is provided.
components/home/HomeAIInterface.tsx(1347,29): error TS17004: Cannot use JSX unless the '--jsx' flag is provided.
components/home/HomeAIInterface.tsx(1348,29): error TS17004: Cannot use JSX unless the '--jsx' flag is provided.
components/home/HomeAIInterface.tsx(1350,25): error TS17004: Cannot use JSX unless the '--jsx' flag is provided.
components/home/HomeAIInterface.tsx(1351,29): error TS17004: Cannot use JSX unless the '--jsx' flag is provided.
components/home/HomeAIInterface.tsx(1352,29): error TS17004: Cannot use JSX unless the '--jsx' flag is provided.
components/home/HomeAIInterface.tsx(1357,17): error TS17004: Cannot use JSX unless the '--jsx' flag is provided.
components/home/HomeAIInterface.tsx(1358,21): error TS17004: Cannot use JSX unless the '--jsx' flag is provided.
components/home/HomeAIInterface.tsx(1359,25): error TS17004: Cannot use JSX unless the '--jsx' flag is provided.
components/home/HomeAIInterface.tsx(1361,21): error TS17004: Cannot use JSX unless the '--jsx' flag is provided.
components/home/HomeAIInterface.tsx(1362,25): error TS17004: Cannot use JSX unless the '--jsx' flag is provided.
components/home/HomeAIInterface.tsx(1363,29): error TS2769: No overload matches this call.
  Overload 1 of 2, '(props: TextInputProps): TextInput', gave the following error.
    Type '{ ref: RefObject<TextInput>; style: { flex: number; minHeight: number; maxHeight: number; color: any; fontFamily: string; fontSize: number; }; placeholder: string; placeholderTextColor: any; ... 4 more ...; returnKeyType: "send"; }' is not assignable to type 'TextInputProps'.
      Property 'ref' does not exist on type 'TextInputProps'.
  Overload 2 of 2, '(props: TextInputProps, context: any): TextInput', gave the following error.
    Type '{ ref: RefObject<TextInput>; style: { flex: number; minHeight: number; maxHeight: number; color: any; fontFamily: string; fontSize: number; }; placeholder: string; placeholderTextColor: any; ... 4 more ...; returnKeyType: "send"; }' is not assignable to type 'TextInputProps'.
      Property 'ref' does not exist on type 'TextInputProps'.
components/home/HomeAIInterface.tsx(1376,21): error TS17004: Cannot use JSX unless the '--jsx' flag is provided.
components/home/HomeAIInterface.tsx(1385,29): error TS17004: Cannot use JSX unless the '--jsx' flag is provided.
components/home/HomeAIInterface.tsx(1387,29): error TS17004: Cannot use JSX unless the '--jsx' flag is provided.
node_modules/@react-navigation/core/lib/typescript/src/StaticNavigation.d.ts(35,27): error TS2315: Type 'StaticParamList' is not generic.
node_modules/@react-navigation/core/lib/typescript/src/StaticNavigation.d.ts(35,137): error TS2315: Type 'StaticParamList' is not generic.
node_modules/@react-navigation/core/lib/typescript/src/StaticNavigation.d.ts(130,13): error TS2456: Type alias 'StaticParamList' circularly references itself.
node_modules/@react-navigation/core/lib/typescript/src/useNavigationBuilder.d.ts(86,136): error TS2344: Type 'Omit<{ dispatch(action: Readonly<{ type: string; payload?: object; source?: string; target?: string; }> | ((state: Readonly<State>) => Readonly<{ type: string; payload?: object; source?: string; target?: string; }>)): void; ... 9 more ...; getState(): State; } & PrivateValueStore<...>, "getParent"> & ... 4 more ... ...' does not satisfy the constraint 'NavigationProp<any, any, any, any, any, any>'.
  Type 'Omit<{ dispatch(action: Readonly<{ type: string; payload?: object; source?: string; target?: string; }> | ((state: Readonly<State>) => Readonly<{ type: string; payload?: object; source?: string; target?: string; }>)): void; ... 9 more ...; getState(): State; } & PrivateValueStore<...>, "getParent"> & ... 4 more ... ...' is not assignable to type 'Omit<NavigationHelpersCommon<any, any>, "getParent">'.
    Types of property 'preload' are incompatible.
      Type '<RouteName extends string>(...args: RouteName extends unknown ? [screen: RouteName, params?: object] : never) => void' is not assignable to type '<RouteName extends string | number | symbol>(...args: RouteName extends unknown ? [screen: RouteName, params?: any] : never) => void'.
        Types of parameters 'screen' and 'args' are incompatible.
          Type 'RouteName extends unknown ? [screen: RouteName, params?: any] : never' is not assignable to type '[screen: string, params?: object]'.
            Type '[screen: string, params?: any] | [screen: number, params?: any] | [screen: symbol, params?: any]' is not assignable to type '[screen: string, params?: object]'.
              Type '[screen: number, params?: any]' is not assignable to type '[screen: string, params?: object]'.
                Type at position 0 in source is not compatible with type at position 0 in target.
                  Type 'number' is not assignable to type 'string'.
node_modules/@react-navigation/core/lib/typescript/src/useNavigationBuilder.d.ts(138,77): error TS2344: Type 'Omit<{ dispatch(action: Readonly<{ type: string; payload?: object; source?: string; target?: string; }> | ((state: Readonly<State>) => Readonly<{ type: string; payload?: object; source?: string; target?: string; }>)): void; ... 9 more ...; getState(): State; } & PrivateValueStore<...>, "getParent"> & ... 4 more ... ...' does not satisfy the constraint 'NavigationProp<any, any, any, any, any, any>'.
  Type 'Omit<{ dispatch(action: Readonly<{ type: string; payload?: object; source?: string; target?: string; }> | ((state: Readonly<State>) => Readonly<{ type: string; payload?: object; source?: string; target?: string; }>)): void; ... 9 more ...; getState(): State; } & PrivateValueStore<...>, "getParent"> & ... 4 more ... ...' is not assignable to type 'Omit<NavigationHelpersCommon<any, any>, "getParent">'.
    Types of property 'preload' are incompatible.
      Type '<RouteName extends string>(...args: RouteName extends unknown ? [screen: RouteName, params?: object] : never) => void' is not assignable to type '<RouteName extends string | number | symbol>(...args: RouteName extends unknown ? [screen: RouteName, params?: any] : never) => void'.
        Types of parameters 'screen' and 'args' are incompatible.
          Type 'RouteName extends unknown ? [screen: RouteName, params?: any] : never' is not assignable to type '[screen: string, params?: object]'.
            Type '[screen: string, params?: any] | [screen: number, params?: any] | [screen: symbol, params?: any]' is not assignable to type '[screen: string, params?: object]'.
              Type '[screen: number, params?: any]' is not assignable to type '[screen: string, params?: object]'.
                Type at position 0 in source is not compatible with type at position 0 in target.
                  Type 'number' is not assignable to type 'string'.
node_modules/@react-navigation/native-stack/lib/typescript/src/types.d.ts(3,58): error TS2305: Module '"react-native-screens"' has no exported member 'ScrollEdgeEffect'.
node_modules/@types/node/module.d.ts(804,13): error TS2403: Subsequent variable declarations must have the same type.  Variable 'require' must be of type 'NodeRequire', but here has type 'Require'.
node_modules/expo-router/build/ExpoRoot.d.ts(1,8): error TS1259: Module '"C:/Users/raf97/Downloads/GIFTYY/giftyy/node_modules/@types/react/index"' can only be default-imported using the 'esModuleInterop' flag
node_modules/expo-router/build/layouts/TabsClient.d.ts(3,8): error TS1259: Module '"C:/Users/raf97/Downloads/GIFTYY/giftyy/node_modules/@types/react/index"' can only be default-imported using the 'esModuleInterop' flag
node_modules/expo-router/build/layouts/TabsClient.d.ts(16,210): error TS2344: Type 'unknown' does not satisfy the constraint 'boolean'.
node_modules/expo-router/build/layouts/TabsClient.d.ts(17,216): error TS2344: Type 'unknown' does not satisfy the constraint 'boolean'.
node_modules/expo-router/build/layouts/TabsClient.d.ts(18,212): error TS2344: Type 'unknown' does not satisfy the constraint 'boolean'.
node_modules/expo-router/build/layouts/TabsClient.d.ts(19,196): error TS2344: Type 'unknown' does not satisfy the constraint 'boolean'.
node_modules/expo-router/build/layouts/TabsClient.d.ts(20,194): error TS2344: Type 'unknown' does not satisfy the constraint 'boolean'.
node_modules/expo-router/build/layouts/TabsClient.d.ts(21,196): error TS2344: Type 'unknown' does not satisfy the constraint 'boolean'.
node_modules/expo-router/build/layouts/TabsClient.d.ts(28,210): error TS2344: Type 'unknown' does not satisfy the constraint 'boolean'.
node_modules/expo-router/build/layouts/TabsClient.d.ts(29,216): error TS2344: Type 'unknown' does not satisfy the constraint 'boolean'.
node_modules/expo-router/build/layouts/TabsClient.d.ts(30,212): error TS2344: Type 'unknown' does not satisfy the constraint 'boolean'.
node_modules/expo-router/build/layouts/TabsClient.d.ts(31,196): error TS2344: Type 'unknown' does not satisfy the constraint 'boolean'.
node_modules/expo-router/build/layouts/TabsClient.d.ts(32,194): error TS2344: Type 'unknown' does not satisfy the constraint 'boolean'.
node_modules/expo-router/build/layouts/TabsClient.d.ts(33,196): error TS2344: Type 'unknown' does not satisfy the constraint 'boolean'.
node_modules/expo-router/build/layouts/TabsClient.d.ts(65,210): error TS2344: Type 'unknown' does not satisfy the constraint 'boolean'.
node_modules/expo-router/build/layouts/TabsClient.d.ts(66,216): error TS2344: Type 'unknown' does not satisfy the constraint 'boolean'.
node_modules/expo-router/build/layouts/TabsClient.d.ts(67,212): error TS2344: Type 'unknown' does not satisfy the constraint 'boolean'.
node_modules/expo-router/build/layouts/TabsClient.d.ts(68,196): error TS2344: Type 'unknown' does not satisfy the constraint 'boolean'.
node_modules/expo-router/build/layouts/TabsClient.d.ts(69,194): error TS2344: Type 'unknown' does not satisfy the constraint 'boolean'.
node_modules/expo-router/build/layouts/TabsClient.d.ts(70,196): error TS2344: Type 'unknown' does not satisfy the constraint 'boolean'.
node_modules/expo-router/build/layouts/TabsClient.d.ts(77,210): error TS2344: Type 'unknown' does not satisfy the constraint 'boolean'.
node_modules/expo-router/build/layouts/TabsClient.d.ts(78,216): error TS2344: Type 'unknown' does not satisfy the constraint 'boolean'.
node_modules/expo-router/build/layouts/TabsClient.d.ts(79,212): error TS2344: Type 'unknown' does not satisfy the constraint 'boolean'.
node_modules/expo-router/build/layouts/TabsClient.d.ts(80,196): error TS2344: Type 'unknown' does not satisfy the constraint 'boolean'.
node_modules/expo-router/build/layouts/TabsClient.d.ts(81,194): error TS2344: Type 'unknown' does not satisfy the constraint 'boolean'.
node_modules/expo-router/build/layouts/TabsClient.d.ts(82,196): error TS2344: Type 'unknown' does not satisfy the constraint 'boolean'.
node_modules/expo-router/build/layouts/TabsClient.d.ts(109,210): error TS2344: Type 'unknown' does not satisfy the constraint 'boolean'.
node_modules/expo-router/build/layouts/TabsClient.d.ts(110,216): error TS2344: Type 'unknown' does not satisfy the constraint 'boolean'.
node_modules/expo-router/build/layouts/TabsClient.d.ts(111,212): error TS2344: Type 'unknown' does not satisfy the constraint 'boolean'.
node_modules/expo-router/build/layouts/TabsClient.d.ts(112,196): error TS2344: Type 'unknown' does not satisfy the constraint 'boolean'.
node_modules/expo-router/build/layouts/TabsClient.d.ts(113,194): error TS2344: Type 'unknown' does not satisfy the constraint 'boolean'.
node_modules/expo-router/build/layouts/TabsClient.d.ts(114,196): error TS2344: Type 'unknown' does not satisfy the constraint 'boolean'.
node_modules/expo-router/build/layouts/TabsClient.d.ts(121,210): error TS2344: Type 'unknown' does not satisfy the constraint 'boolean'.
node_modules/expo-router/build/layouts/TabsClient.d.ts(122,216): error TS2344: Type 'unknown' does not satisfy the constraint 'boolean'.
node_modules/expo-router/build/layouts/TabsClient.d.ts(123,212): error TS2344: Type 'unknown' does not satisfy the constraint 'boolean'.
node_modules/expo-router/build/layouts/TabsClient.d.ts(124,196): error TS2344: Type 'unknown' does not satisfy the constraint 'boolean'.
node_modules/expo-router/build/layouts/TabsClient.d.ts(125,194): error TS2344: Type 'unknown' does not satisfy the constraint 'boolean'.
node_modules/expo-router/build/layouts/TabsClient.d.ts(126,196): error TS2344: Type 'unknown' does not satisfy the constraint 'boolean'.
node_modules/expo-router/build/link/elements.d.ts(1,8): error TS1259: Module '"C:/Users/raf97/Downloads/GIFTYY/giftyy/node_modules/@types/react/index"' can only be default-imported using the 'esModuleInterop' flag
node_modules/expo-router/build/useScreens.d.ts(2,8): error TS1259: Module '"C:/Users/raf97/Downloads/GIFTYY/giftyy/node_modules/@types/react/index"' can only be default-imported using the 'esModuleInterop' flag
node_modules/expo-router/build/views/Sitemap.d.ts(2,8): error TS1259: Module '"C:/Users/raf97/Downloads/GIFTYY/giftyy/node_modules/@types/react/index"' can only be default-imported using the 'esModuleInterop' flag
node_modules/expo-router/build/views/Try.d.ts(1,8): error TS1259: Module '"C:/Users/raf97/Downloads/GIFTYY/giftyy/node_modules/@types/react/index"' can only be default-imported using the 'esModuleInterop' flag
node_modules/expo-router/build/views/Unmatched.d.ts(1,8): error TS1259: Module '"C:/Users/raf97/Downloads/GIFTYY/giftyy/node_modules/@types/react/index"' can only be default-imported using the 'esModuleInterop' flag
node_modules/react-native-reanimated/lib/typescript/component/ScrollView.d.ts(2,8): error TS1259: Module '"C:/Users/raf97/Downloads/GIFTYY/giftyy/node_modules/@types/react/index"' can only be default-imported using the 'esModuleInterop' flag
node_modules/react-native-reanimated/lib/typescript/createAnimatedComponent/AnimatedComponent.d.ts(2,13): error TS1259: Module '"C:/Users/raf97/Downloads/GIFTYY/giftyy/node_modules/@types/react/index"' can only be default-imported using the 'esModuleInterop' flag
node_modules/react-native-reanimated/lib/typescript/jestUtils.d.ts(1,40): error TS2307: Cannot find module 'react-test-renderer' or its corresponding type declarations.
node_modules/react-native-screens/lib/typescript/components/bottom-tabs/BottomTabs.d.ts(1,8): error TS1259: Module '"C:/Users/raf97/Downloads/GIFTYY/giftyy/node_modules/@types/react/index"' can only be default-imported using the 'esModuleInterop' flag
node_modules/react-native-screens/lib/typescript/components/bottom-tabs/BottomTabsScreen.d.ts(1,8): error TS1259: Module '"C:/Users/raf97/Downloads/GIFTYY/giftyy/node_modules/@types/react/index"' can only be default-imported using the 'esModuleInterop' flag
node_modules/react-native-screens/lib/typescript/components/FullWindowOverlay.d.ts(1,8): error TS1259: Module '"C:/Users/raf97/Downloads/GIFTYY/giftyy/node_modules/@types/react/index"' can only be default-imported using the 'esModuleInterop' flag
node_modules/react-native-screens/lib/typescript/components/gamma/ScreenStackHost.d.ts(1,8): error TS1259: Module '"C:/Users/raf97/Downloads/GIFTYY/giftyy/node_modules/@types/react/index"' can only be default-imported using the 'esModuleInterop' flag
node_modules/react-native-screens/lib/typescript/components/gamma/SplitViewHost.d.ts(1,8): error TS1259: Module '"C:/Users/raf97/Downloads/GIFTYY/giftyy/node_modules/@types/react/index"' can only be default-imported using the 'esModuleInterop' flag
node_modules/react-native-screens/lib/typescript/components/gamma/SplitViewScreen.d.ts(1,8): error TS1259: Module '"C:/Users/raf97/Downloads/GIFTYY/giftyy/node_modules/@types/react/index"' can only be default-imported using the 'esModuleInterop' flag
node_modules/react-native-screens/lib/typescript/components/gamma/StackScreen.d.ts(1,8): error TS1259: Module '"C:/Users/raf97/Downloads/GIFTYY/giftyy/node_modules/@types/react/index"' can only be default-imported using the 'esModuleInterop' flag
node_modules/react-native-screens/lib/typescript/components/Screen.d.ts(1,8): error TS1259: Module '"C:/Users/raf97/Downloads/GIFTYY/giftyy/node_modules/@types/react/index"' can only be default-imported using the 'esModuleInterop' flag
node_modules/react-native-screens/lib/typescript/components/ScreenContainer.d.ts(1,8): error TS1259: Module '"C:/Users/raf97/Downloads/GIFTYY/giftyy/node_modules/@types/react/index"' can only be default-imported using the 'esModuleInterop' flag
node_modules/react-native-screens/lib/typescript/components/ScreenContentWrapper.d.ts(1,8): error TS1259: Module '"C:/Users/raf97/Downloads/GIFTYY/giftyy/node_modules/@types/react/index"' can only be default-imported using the 'esModuleInterop' flag
node_modules/react-native-screens/lib/typescript/components/ScreenFooter.d.ts(1,8): error TS1259: Module '"C:/Users/raf97/Downloads/GIFTYY/giftyy/node_modules/@types/react/index"' can only be default-imported using the 'esModuleInterop' flag
node_modules/react-native-screens/lib/typescript/components/ScreenStack.d.ts(1,8): error TS1259: Module '"C:/Users/raf97/Downloads/GIFTYY/giftyy/node_modules/@types/react/index"' can only be default-imported using the 'esModuleInterop' flag
node_modules/react-native-screens/lib/typescript/components/ScreenStackHeaderConfig.d.ts(1,8): error TS1259: Module '"C:/Users/raf97/Downloads/GIFTYY/giftyy/node_modules/@types/react/index"' can only be default-imported using the 'esModuleInterop' flag
node_modules/react-native-screens/lib/typescript/components/ScreenStackHeaderConfig.d.ts(7,79): error TS2503: Cannot find namespace 'JSX'.
node_modules/react-native-screens/lib/typescript/components/ScreenStackHeaderConfig.d.ts(8,72): error TS2503: Cannot find namespace 'JSX'.
node_modules/react-native-screens/lib/typescript/components/ScreenStackHeaderConfig.d.ts(9,71): error TS2503: Cannot find namespace 'JSX'.
node_modules/react-native-screens/lib/typescript/components/ScreenStackHeaderConfig.d.ts(10,73): error TS2503: Cannot find namespace 'JSX'.
node_modules/react-native-screens/lib/typescript/components/ScreenStackHeaderConfig.d.ts(11,76): error TS2503: Cannot find namespace 'JSX'.
node_modules/react-native-screens/lib/typescript/components/SearchBar.d.ts(1,8): error TS1259: Module '"C:/Users/raf97/Downloads/GIFTYY/giftyy/node_modules/@types/react/index"' can only be default-imported using the 'esModuleInterop' flag
node_modules/react-native-screens/lib/typescript/native-stack/types.d.ts(72,155): error TS2344: Type 'StackNavigationState<ParamList>' does not satisfy the constraint 'string'.
node_modules/react-native-screens/lib/typescript/native-stack/types.d.ts(537,41): error TS2314: Generic type 'DefaultNavigatorOptions' requires 6 type argument(s).
node_modules/react-native-screens/lib/typescript/native-stack/types.d.ts(541,37): error TS2314: Generic type 'Descriptor' requires 3 type argument(s).
node_modules/react-native-screens/lib/typescript/types.d.ts(1,8): error TS1259: Module '"C:/Users/raf97/Downloads/GIFTYY/giftyy/node_modules/@types/react/index"' can only be default-imported using the 'esModuleInterop' flag
node_modules/react-native/src/types/globals.d.ts(10,1): error TS6200: Definitions of the following identifiers conflict with those in another file: EndingType, BlobPart, BufferSource, FormData, RequestInfo, XMLHttpRequestResponseType, AbortSignal, AbortController
node_modules/react-native/src/types/globals.d.ts(166,7): error TS2403: Subsequent variable declarations must have the same type.  Variable 'Blob' must be of type '{ new (blobParts?: BlobPart[], options?: BlobPropertyBag): Blob; prototype: Blob; }', but here has type '{ new (blobParts?: (string | Blob)[], options?: BlobOptions): Blob; prototype: Blob; }'.
node_modules/react-native/src/types/globals.d.ts(180,7): error TS2403: Subsequent variable declarations must have the same type.  Variable 'File' must be of type '{ new (fileBits: BlobPart[], fileName: string, options?: FilePropertyBag): File; prototype: File; }', but here has type '{ new (fileParts: BlobPart[], name: string, options?: FilePropertyBag): File; prototype: File; }'.
node_modules/react-native/src/types/globals.d.ts(266,5): error TS2717: Subsequent property declarations must have the same type.  Property 'body' must be of type 'BodyInit', but here has type 'BodyInit_'.
node_modules/react-native/src/types/globals.d.ts(275,5): error TS2717: Subsequent property declarations must have the same type.  Property 'signal' must be of type 'AbortSignal', but here has type 'AbortSignal'.
node_modules/react-native/src/types/globals.d.ts(285,14): error TS2717: Subsequent property declarations must have the same type.  Property 'signal' must be of type 'AbortSignal', but here has type 'AbortSignal'.
node_modules/react-native/src/types/globals.d.ts(289,7): error TS2403: Subsequent variable declarations must have the same type.  Variable 'Request' must be of type '{ new (input: RequestInfo | URL, init?: RequestInit): Request; prototype: Request; }', but here has type '{ new (input: string | Request, init?: RequestInit): Request; prototype: Request; }'.
node_modules/react-native/src/types/globals.d.ts(313,7): error TS2403: Subsequent variable declarations must have the same type.  Variable 'Response' must be of type '{ new (body?: BodyInit, init?: ResponseInit): Response; prototype: Response; error(): Response; json(data: any, init?: ResponseInit): Response; redirect(url: string | URL, status?: number): Response; }', but here has type '{ new (body?: BodyInit_, init?: ResponseInit): Response; prototype: Response; error(): Response; json(data: any, init?: ResponseInit): Response; redirect: (url: string | URL, status?: number) => Response; }'.
node_modules/react-native/src/types/globals.d.ts(398,5): error TS2717: Subsequent property declarations must have the same type.  Property 'abort' must be of type 'ProgressEvent<XMLHttpRequestEventTarget>', but here has type 'ProgressEvent<EventTarget>'.
node_modules/react-native/src/types/globals.d.ts(399,5): error TS2717: Subsequent property declarations must have the same type.  Property 'error' must be of type 'ProgressEvent<XMLHttpRequestEventTarget>', but here has type 'ProgressEvent<EventTarget>'.
node_modules/react-native/src/types/globals.d.ts(400,5): error TS2717: Subsequent property declarations must have the same type.  Property 'load' must be of type 'ProgressEvent<XMLHttpRequestEventTarget>', but here has type 'ProgressEvent<EventTarget>'.
node_modules/react-native/src/types/globals.d.ts(401,5): error TS2717: Subsequent property declarations must have the same type.  Property 'loadend' must be of type 'ProgressEvent<XMLHttpRequestEventTarget>', but here has type 'ProgressEvent<EventTarget>'.
node_modules/react-native/src/types/globals.d.ts(402,5): error TS2717: Subsequent property declarations must have the same type.  Property 'loadstart' must be of type 'ProgressEvent<XMLHttpRequestEventTarget>', but here has type 'ProgressEvent<EventTarget>'.
node_modules/react-native/src/types/globals.d.ts(403,5): error TS2717: Subsequent property declarations must have the same type.  Property 'progress' must be of type 'ProgressEvent<XMLHttpRequestEventTarget>', but here has type 'ProgressEvent<EventTarget>'.
node_modules/react-native/src/types/globals.d.ts(404,5): error TS2717: Subsequent property declarations must have the same type.  Property 'timeout' must be of type 'ProgressEvent<XMLHttpRequestEventTarget>', but here has type 'ProgressEvent<EventTarget>'.
node_modules/react-native/src/types/globals.d.ts(471,7): error TS2403: Subsequent variable declarations must have the same type.  Variable 'URL' must be of type '{ new (url: string | URL, base?: string | URL): URL; prototype: URL; canParse(url: string | URL, base?: string | URL): boolean; createObjectURL(obj: Blob | MediaSource): string; parse(url: string | URL, base?: string | URL): URL; revokeObjectURL(url: string): void; }', but here has type '{ new (url: string | URL, base?: string | URL): URL; prototype: URL; createObjectURL(obj: Blob): string; revokeObjectURL(url: string): void; }'.
node_modules/react-native/src/types/globals.d.ts(534,5): error TS2717: Subsequent property declarations must have the same type.  Property 'onopen' must be of type '(this: WebSocket, ev: Event) => any', but here has type '() => void'.
node_modules/react-native/src/types/globals.d.ts(535,5): error TS2717: Subsequent property declarations must have the same type.  Property 'onmessage' must be of type '(this: WebSocket, ev: MessageEvent<any>) => any', but here has type '(event: WebSocketMessageEvent) => void'.
node_modules/react-native/src/types/globals.d.ts(536,5): error TS2717: Subsequent property declarations must have the same type.  Property 'onerror' must be of type '(this: WebSocket, ev: Event) => any', but here has type '(event: WebSocketErrorEvent) => void'.
node_modules/react-native/src/types/globals.d.ts(537,5): error TS2717: Subsequent property declarations must have the same type.  Property 'onclose' must be of type '(this: WebSocket, ev: CloseEvent) => any', but here has type '(event: WebSocketCloseEvent) => void'.
node_modules/react-native/src/types/globals.d.ts(538,5): error TS2717: Subsequent property declarations must have the same type.  Property 'addEventListener' must be of type '{ <K extends keyof WebSocketEventMap>(type: K, listener: (this: WebSocket, ev: WebSocketEventMap[K]) => any, options?: boolean | AddEventListenerOptions): void; (type: string, listener: EventListenerOrEventListenerObject, options?: boolean | AddEventListenerOptions): void; }', but here has type 'WebsocketEventListener'.
node_modules/react-native/src/types/globals.d.ts(539,5): error TS2717: Subsequent property declarations must have the same type.  Property 'removeEventListener' must be of type '{ <K extends keyof WebSocketEventMap>(type: K, listener: (this: WebSocket, ev: WebSocketEventMap[K]) => any, options?: boolean | EventListenerOptions): void; (type: string, listener: EventListenerOrEventListenerObject, options?: boolean | EventListenerOptions): void; }', but here has type 'WebsocketEventListener'.
node_modules/react-native/src/types/globals.d.ts(542,7): error TS2403: Subsequent variable declarations must have the same type.  Variable 'WebSocket' must be of type '{ new (url: string | URL, protocols?: string | string[]): WebSocket; prototype: WebSocket; readonly CONNECTING: 0; readonly OPEN: 1; readonly CLOSING: 2; readonly CLOSED: 3; }', but here has type '{ new (uri: string, protocols?: string | string[], options?: { [optionName: string]: any; headers: { [headerName: string]: string; }; }): WebSocket; prototype: WebSocket; readonly CLOSED: number; readonly CLOSING: number; readonly CONNECTING: number; readonly OPEN: number; }'.
node_modules/react-native/src/types/globals.d.ts(627,14): error TS2717: Subsequent property declarations must have the same type.  Property 'error' must be of type 'DOMException', but here has type 'Error'.
node_modules/react-native/src/types/globals.d.ts(640,14): error TS2717: Subsequent property declarations must have the same type.  Property 'readyState' must be of type '0 | 2 | 1', but here has type 'number'.
node_modules/typescript/lib/lib.dom.d.ts(23,1): error TS6200: Definitions of the following identifiers conflict with those in another file: EndingType, BlobPart, BufferSource, FormData, RequestInfo, XMLHttpRequestResponseType, AbortSignal, AbortController
node_modules/typescript/lib/lib.dom.d.ts(32640,11): error TS2430: Interface 'URL' incorrectly extends interface 'import("node:url").URL'.
  The types returned by 'searchParams[Symbol.iterator]()' are incompatible between these types.
    Property '[Symbol.dispose]' is missing in type 'IterableIterator<[string, string]>' but required in type 'URLSearchParamsIterator<[string, string]>'.
node_modules/typescript/lib/lib.dom.d.ts(32759,11): error TS2430: Interface 'URLSearchParams' incorrectly extends interface 'import("node:url").URLSearchParams'.
  The types returned by '[Symbol.iterator]()' are incompatible between these types.
    Property '[Symbol.dispose]' is missing in type 'IterableIterator<[string, string]>' but required in type 'URLSearchParamsIterator<[string, string]>'.
